../Core/Src/main.c:81:6:CAN_header_setup	16	static
../Core/Src/main.c:91:6:HAL_CAN_RxFifo0MsgPendingCallback	16	static
../Core/Src/main.c:105:6:HAL_CAN_RxFifo1MsgPendingCallback	16	static
../Core/Src/main.c:118:5:calc_SAE_J1850	24	static
../Core/Src/main.c:150:5:main	8	static
../Core/Src/main.c:251:6:SystemClock_Config	88	static
../Core/Src/main.c:293:13:MX_CAN1_Init	8	static
../Core/Src/main.c:341:13:MX_CAN2_Init	8	static
../Core/Src/main.c:389:13:MX_TIM2_Init	32	static
../Core/Src/main.c:434:13:MX_GPIO_Init	40	static
../Core/Src/main.c:465:6:HAL_TIM_PeriodElapsedCallback	16	static
../Core/Src/main.c:475:6:Error_Handler	4	static,ignoring_inline_asm
